Handling project.properties
searchFor /Users/admin/build-server/1753890907062/inde-container24.5/platforms/android/project.properties
cordova-custom-config: Loaded module dependencies
cordova-custom-config: Running restoreBackups.js
cordova-custom-config: Skipping auto-restore of config file backup(s)
cordova-custom-config: Loaded module dependencies
cordova-custom-config: Running applyCustomConfig.js
DEBUG: Aborting applyCustomConfig.js because current hook 'before_prepare' is not configured hook 'after_prepare'
cordova-custom-config: Finished applying platform config
The "AndroidWindowSplashScreenAnimatedIcon" value does not exist. Cordova's default will be used.
Copy /Users/admin/build-server/1753890907062/inde-container24.5/build-extras.gradle to /Users/admin/build-server/1753890907062/inde-container24.5/platforms/android
Skip /Users/admin/build-server/1753890907062/inde-container24.5/google-services.json copy (path does not exist)
searchFor /Users/admin/build-server/1753890907062/inde-container24.5/platforms/android/app/src/main/AndroidManifest.xml
searchFor /Users/admin/build-server/1753890907062/inde-container24.5/platforms/android/app/src/main/AndroidManifest.xml
searchFor /Users/admin/build-server/1753890907062/inde-container24.5/platforms/android/app/src/main/java/com/chariotsolutions/nfc/plugin/NfcPlugin.java
wrote /Users/admin/build-server/1753890907062/inde-container24.5/platforms/android/app/src/main/java/com/chariotsolutions/nfc/plugin/NfcPlugin.java
searchFor /Users/admin/build-server/1753890907062/inde-container24.5/platforms/android/app/src/main/AndroidManifest.xml
wrote /Users/admin/build-server/1753890907062/inde-container24.5/platforms/android/app/src/main/AndroidManifest.xml
cordova-custom-config: Loaded module dependencies
cordova-custom-config: Running applyCustomConfig.js
DEBUG: Searching config.xml for prefixed elements: custom-preference
DEBUG: Searching config.xml for prefixed elements: platform[@name='android']/custom-preference
DEBUG: Searching config.xml for prefixed elements: platform[@name='android']custom-config-file
DEBUG: Searching config.xml for prefixed elements: platform[@name='android']/custom-resource
cordova-custom-config: Finished applying platform config
cordova-plugin-androidx-adapter: Processed 102 source files in 2319ms
cordova-custom-config: Loaded module dependencies
cordova-custom-config: Running applyCustomConfig.js
DEBUG: Aborting applyCustomConfig.js because current hook 'before_compile' is not configured hook 'after_prepare'
cordova-custom-config: Finished applying platform config
Checking Java JDK and Android SDK versions
ANDROID_HOME=/Users/admin/Library/Android/sdk (recommended setting)
ANDROID_SDK_ROOT=undefined (DEPRECATED)
Using Android SDK: /Users/admin/Library/Android/sdk
> Task :wrapper

Deprecated Gradle features were used in this build, making it incompatible with Gradle 8.0.

You can use '--warning-mode all' to show the individual deprecation warnings and determine if they come from your own scripts or plugins.

See https://docs.gradle.org/7.6.4/userguide/command_line_interface.html#sec:command_line_warnings

BUILD SUCCESSFUL in 1s
1 actionable task: 1 executed
Subproject Path: CordovaLib
Subproject Path: app

> Configure project :app
WARNING:Using flatDir should be avoided because it doesn't support any meta-data formats.
WARNING:We recommend using a newer Android Gradle plugin to use compileSdk = 34

This Android Gradle plugin (7.4.2) was tested up to compileSdk = 33

This warning can be suppressed by adding
android.suppressUnsupportedCompileSdk=34
to this project's gradle.properties

The build will continue, but you are strongly encouraged to update your project to
use a newer Android Gradle Plugin that has been tested with compileSdk = 34

> Task :app:preBuild UP-TO-DATE
> Task :app:preDebugBuild UP-TO-DATE
> Task :app:mergeDebugNativeDebugMetadata NO-SOURCE
> Task :CordovaLib:preBuild UP-TO-DATE
> Task :CordovaLib:preDebugBuild UP-TO-DATE
> Task :CordovaLib:compileDebugAidl NO-SOURCE
> Task :app:compileDebugAidl NO-SOURCE
> Task :CordovaLib:packageDebugRenderscript
> Task :app:compileDebugRenderscript NO-SOURCE
> Task :app:generateDebugBuildConfig
> Task :app:javaPreCompileDebug
> Task :CordovaLib:writeDebugAarMetadata
> Task :app:generateDebugResValues
> Task :app:checkDebugAarMetadata

> Task :CordovaLib:compileDebugRenderscript
The RenderScript APIs are deprecated. They will be removed in Android Gradle plugin 9.0. See the following link for a guide to migrate from RenderScript: https://developer.android.com/guide/topics/renderscript/migrate

> Task :CordovaLib:generateDebugResValues
> Task :CordovaLib:generateDebugResources
> Task :CordovaLib:packageDebugResources
> Task :app:mapDebugSourceSetPaths
> Task :app:generateDebugResources
> Task :app:createDebugCompatibleScreenManifests
> Task :app:extractDeepLinksDebug
> Task :CordovaLib:extractDeepLinksDebug
> Task :CordovaLib:processDebugManifest
> Task :CordovaLib:compileDebugLibraryResources
> Task :CordovaLib:parseDebugLocalResources
> Task :app:processDebugMainManifest
> Task :app:processDebugManifest
> Task :CordovaLib:generateDebugBuildConfig
> Task :CordovaLib:javaPreCompileDebug
> Task :app:processDebugManifestForPackage
> Task :app:mergeDebugShaders
> Task :app:compileDebugShaders NO-SOURCE
> Task :app:generateDebugAssets UP-TO-DATE
> Task :CordovaLib:mergeDebugShaders
> Task :CordovaLib:compileDebugShaders NO-SOURCE
> Task :CordovaLib:generateDebugAssets UP-TO-DATE
> Task :CordovaLib:packageDebugAssets
> Task :CordovaLib:generateDebugRFile
> Task :app:mergeDebugResources
> Task :app:mergeDebugAssets
> Task :app:processDebugResources

> Task :CordovaLib:compileDebugJavaWithJavac
Note: Some input files use or override a deprecated API.
Note: Recompile with -Xlint:deprecation for details.

> Task :app:processDebugJavaRes NO-SOURCE
> Task :CordovaLib:processDebugJavaRes
> Task :CordovaLib:bundleLibCompileToJarDebug
> Task :CordovaLib:bundleLibResDebug
> Task :app:checkDebugDuplicateClasses
> Task :app:compressDebugAssets

> Task :app:compileDebugJavaWithJavac FAILED
/Users/admin/build-server/1753890907062/inde-container24.5/platforms/android/app/src/main/java/com/nfcreader/plugin/NFCReaderManager.java:51: error: cannot find symbol
deviceHandle = call_comPro.lc_init(portType);
^
symbol: method lc_init(int)
location: variable call_comPro of type comproCall
/Users/admin/build-server/1753890907062/inde-container24.5/platforms/android/app/src/main/java/com/nfcreader/plugin/NFCReaderManager.java:94: error: incompatible types: byte[] cannot be converted to char[]
int result = call_comPro.lc_getver(deviceHandle, version);
^
/Users/admin/build-server/1753890907062/inde-container24.5/platforms/android/app/src/main/java/com/nfcreader/plugin/NFCReaderManager.java:256: error: method lc_authentication in class comproCall cannot be applied to given types;
int authResult = call_comPro.lc_authentication(deviceHandle, (byte)0, (byte)sector, (byte)0, keyBytes);
^
required: int,byte,byte,byte[]
found: int,byte,byte,byte,byte[]
reason: actual and formal argument lists differ in length
/Users/admin/build-server/1753890907062/inde-container24.5/platforms/android/app/src/main/java/com/nfcreader/plugin/NFCReaderManager.java:335: error: method lc_led in class comproCall cannot be applied to given types;
int result = call_comPro.lc_led(deviceHandle, on ? (byte)1 : (byte)0);
^
required: int,int,int
found: int,byte
reason: actual and formal argument lists differ in length
/Users/admin/build-server/1753890907062/inde-container24.5/platforms/android/app/src/main/java/com/nfcreader/plugin/NFCReaderManager.java:340: error: method lc_led in class comproCall cannot be applied to given types;
call_comPro.lc_led(deviceHandle, (byte)0);
^
required: int,int,int
found: int,byte
reason: actual and formal argument lists differ in length
/Users/admin/build-server/1753890907062/inde-container24.5/platforms/android/app/src/main/java/com/nfcreader/plugin/NFCReaderManager.java:422: error: method lc_uhf_writeTag in class comproCall cannot be applied to given types;
int result = call_comPro.lc_uhf_writeTag(deviceHandle, (byte)bank, (byte)address, (byte)dataBytes.length, dataBytes);
^
required: int,byte,int,int,byte[],byte[]
found: int,byte,byte,byte,byte[]
reason: actual and formal argument lists differ in length
Note: Some input files use or override a deprecated API.
Note: Recompile with -Xlint:deprecation for details.
Note: Some input files use unchecked or unsafe operations.
Note: Recompile with -Xlint:unchecked for details.
Note: Some messages have been simplified; recompile with -Xdiags:verbose to get full output
6 errors

FAILURE: Build failed with an exception.

* What went wrong:
Execution failed for task ':app:compileDebugJavaWithJavac'.
> Compilation failed; see the compiler error output for details.

* Try:
> Run with --stacktrace option to get the stack trace.
> Run with --info or --debug option to get more log output.
> Run with --scan to get full insights.

* Get more help at https://help.gradle.org

Deprecated Gradle features were used in this build, making it incompatible with Gradle 8.0.

You can use '--warning-mode all' to show the individual deprecation warnings and determine if they come from your own scripts or plugins.

See https://docs.gradle.org/7.6/userguide/command_line_interface.html#sec:command_line_warnings

BUILD FAILED in 8s
35 actionable tasks: 35 executed
Command failed with exit code 1: /Users/admin/build-server/1753890907062/inde-container24.5/platforms/android/gradlew -b /Users/admin/build-server/1753890907062/inde-container24.5/platforms/android/build.gradle cdvBuildDebug